image 3425x3284

PARTITION RULES
   vertical  : [(0, 10), (1721, 7), (3415, 10)]
   horizontal: [(0, 10), (3274, 10)]
   -> 2 column(s) x 1 band(s)
   type measured off the page: a word is 46px tall
   (dropped x=10    y=10    1711x3264  is a partition cell)
   (dropped x=1728  y=10    1687x3264  is a partition cell)
   (dropped x=1728  y=488    784x312   outline matches no UML node shape (best ellipse 0.73, and 0.99 is the most this shape can reach at this size))
   (dropped x=1728  y=493   1447x650   encloses another region)
   (kept    x=2958  y=817    446x325   own outline, iou 0.96 border 0.07, despite pass-through line-work)
   (dropped x=363   y=1144  1358x820   encloses another region)
   (dropped x=967   y=1149   754x303   outline matches no UML node shape (best rhombus 0.69, and 0.98 is the most this shape can reach at this size))
   (kept    x=26    y=1493   663x440   own outline, iou 0.96 border 0.07, despite pass-through line-work)
   (dropped x=361   y=1718  1360x1410  encloses another region)
   (dropped x=1728  y=1969   784x849   outline matches no UML node shape (best rounded 0.80, and 0.99 is the most this shape can reach at this size))
   one line weight only - no object nodes

NODES
   n1   initial   x=901   y=169   w=106   h=106   stroke=0   fill=0.75  ''
   n2   object    x=1494  y=394   w=441   h=183   stroke=6   fill=0.90  'Digital\nCapabilities'
   n3   action    x=624   y=419   w=655   h=128   stroke=6   fill=0.84  'Send digital capabilities'
   n4   action    x=2100  y=424   w=824   h=123   stroke=6   fill=0.86  'Receive digital capabilities'
   n5   object    x=1499  y=712   w=441   h=183   stroke=6   fill=0.89  'Application\nResponse'
   n6   action    x=515   y=737   w=873   h=133   stroke=6   fill=0.87  'Receive application response'
   n7   action    x=2120  y=742   w=784   h=123   stroke=6   fill=0.85  'Send application response'
   n8   decision  x=2958  y=817   w=446   h=325   stroke=6   fill=0.45  'Match\ndigital\ncapabilities'
   n9   object    x=1499  y=1055  w=441   h=188   stroke=6   fill=0.91  'Digital\nAgreement'
   n10  action    x=515   y=1080  w=873   h=128   stroke=6   fill=0.88  'Receive digital agreement'
   n11  action    x=2185  y=1080  w=655   h=133   stroke=6   fill=0.85  'Send digital agreement'
   n12  object    x=1499  y=1363  w=441   h=188   stroke=6   fill=0.89  'Application\nResponse'
   n13  action    x=2090  y=1383  w=844   h=138   stroke=6   fill=0.87  'Receive application response'
   n14  action    x=569   y=1388  w=765   h=128   stroke=6   fill=0.85  'Send application response'
   n15  decision  x=26    y=1493  w=663   h=440   stroke=6   fill=0.44  'Reconcile digital\nagreement with own\ndigital capabilities'
   n16  object    x=1519  y=1875  w=441   h=183   stroke=6   fill=0.91  'Digital\nAgreement'
   n17  action    x=604   y=1895  w=695   h=143   stroke=6   fill=0.86  'Send digital agreement'
   n18  action    x=2120  y=1910  w=784   h=128   stroke=6   fill=0.86  'Receive digital agreement'
   n19  decision  x=2277  y=2234  w=475   h=330   stroke=6   fill=0.45  'Validate\ndigital\nagreement'
   n20  object    x=1514  y=2700  w=441   h=242   stroke=6   fill=0.92  'Application\nResponse'
   n21  action    x=2080  y=2755  w=864   h=128   stroke=7   fill=0.87  'Send application response'
   n22  action    x=485   y=2760  w=923   h=123   stroke=7   fill=0.87  'Receive application response'
   n23  final     x=3134  y=3107  w=93    h=94    stroke=6   fill=0.59  ''
   n24  final     x=311   y=3108  w=93    h=93    stroke=6   fill=0.59  ''

TYPE  cap height 36px over 447 glyphs -> font 51.4px
   corner radius rx on 'Send digital capabilities' could not be read (it came back larger than the box) - taking the 70 the rest of its kind measures
   corner radius rx on 'Receive digital capabilities' could not be read (it came back larger than the box) - taking the 70 the rest of its kind measures
   corner radius rx on 'Receive application response' could not be read (it came back larger than the box) - taking the 70 the rest of its kind measures
   corner radius rx on 'Send application response' could not be read (it came back larger than the box) - taking the 70 the rest of its kind measures
   corner radius rx on 'Receive digital agreement' could not be read (it came back larger than the box) - taking the 70 the rest of its kind measures
   corner radius rx on 'Send application response' could not be read (it came back larger than the box) - taking the 70 the rest of its kind measures
   corner radius rx on 'Receive digital agreement' could not be read (it came back larger than the box) - taking the 70 the rest of its kind measures
   corner radius rx on 'Send application response' could not be read (it came back larger than the box) - taking the 70 the rest of its kind measures
   corner radius rx on 'Receive application response' could not be read (it came back larger than the box) - taking the 70 the rest of its kind measures
   corner radius ry on 'Send application response' could not be read (it came back larger than the box) - taking the 65 the rest of its kind measures
   corner radius ry on 'Receive application response' could not be read (it came back larger than the box) - taking the 65 the rest of its kind measures
   corner radius ry on 'Receive digital agreement' could not be read (it came back larger than the box) - taking the 65 the rest of its kind measures
   rejoined 3 line break(s) of up to 93px, where a label sits on the line
   rejoined a 57px break in a line at 61 degrees, where a label sits on it

EDGES
   n1   -> n3    straight    arrowhead   870 vs 270    ratio 4.0  high
   n3   -> n2    straight    arrowhead   874 vs 270    ratio 4.0  high
   n2   -> n4    straight    arrowhead   876 vs 270    ratio 4.0  high
   n4   -> n8    diagonal    arrowhead   891 vs 315    ratio 4.0  high
   n4   -> n7    straight    arrowhead   872 vs 270    ratio 4.0  high
   n5   -> n6    straight    arrowhead   819 vs 666    ratio 4.0  high
   n7   -> n5    straight    arrowhead   854 vs 276    ratio 4.0  high
   n11  -> n8    diagonal    arrowhead   609 vs 337    ratio 4.0  high
   n9   -> n10   straight    arrowhead   819 vs 667    ratio 4.0  high
   n11  -> n9    straight    arrowhead   854 vs 276    ratio 4.0  high
   n10  -> n15   diagonal    arrowhead   908 vs 262    ratio 4.0  high
   n8   -> n23   straight    arrowhead  1253 vs 566    ratio 4.0  high
   n10  -> n14   straight    arrowhead   871 vs 270    ratio 4.0  high
   n14  -> n12   straight    arrowhead   909 vs 315    ratio 4.0  high
   n12  -> n13   straight    arrowhead   917 vs 315    ratio 4.0  high
   n15  -> n17   diagonal    arrowhead   901 vs 260    ratio 4.0  high
   n17  -> n16   straight    arrowhead   874 vs 270    ratio 4.0  high
   n16  -> n18   straight    arrowhead   875 vs 270    ratio 4.0  high
   n15  -> n24   straight    arrowhead   907 vs 466    ratio 4.0  high
   n18  -> n19   straight    arrowhead   863 vs 270    ratio 4.0  high
   n19  -> n23   diagonal    arrowhead  1522 vs 280    ratio 4.0  high
   n19  -> n21   straight    arrowhead   879 vs 687    ratio 4.0  high
   n20  -> n22   straight    arrowhead   831 vs 709    ratio 4.0  high
   n21  -> n20   straight    arrowhead   851 vs 409    ratio 4.0  high
   n22  -> n24   diagonal    arrowhead   885 vs 330    ratio 4.0  high

TEXT (titles, guards, notes)
   'PARTICIPANT PARTY 1'                    x=534   y=42    
   'PARTICIPANT PARTY 2'                    x=2263  y=42    
   'Y'                                      x=2918  y=1026  
   'N'                                      x=3130  y=1155  n8->n23  (one letter, beside a branch)
   'Y'                                      x=661   y=1758  n15->n17  (one letter, beside a branch)
   'N'                                      x=390   y=1937  n15->n24  (one letter, beside a branch)
   'Y'                                      x=2729  y=2445  n19->n23  (one letter, beside a branch)
   'N'                                      x=2533  y=2573  n19->n21  (one letter, beside a branch)

PARTITIONS
   column 0  'PARTICIPANT PARTY 1'
   column 1  'PARTICIPANT PARTY 2'
   band   0  ''

ARROWHEAD  69 x 56px, open, measured on 18 connector(s)
   turned n11 -> n8 round: 'Match digital capabilities' is a decision, and a decision sends work more than one way, but every flow here bar 1 comes in; this one's two ends carry the same ink to within 81%

wrote review/baseline/UBL-2.2-DigitalAgreement-graph.json   (24 nodes, 25 edges, 6 flagged for a human)
