image 3425x1980

PARTITION RULES
   vertical  : [(0, 10), (1807, 7), (3415, 10)]
   horizontal: [(0, 10), (1970, 10)]
   -> 2 column(s) x 1 band(s)
   type measured off the page: a word is 55px tall
   (dropped x=10    y=10    1797x1960  is a partition cell)
   (dropped x=1814  y=10    1601x1960  is a partition cell)
   (kept    x=1475  y=912    635x335   own outline, iou 1.00 border 1.00, despite pass-through line-work)
   object nodes are those stroked heavier than 10.0px

NODES
   n1   initial   x=2815  y=242   w=121   h=121   stroke=0   fill=0.78  ''
   n2   object    x=1475  y=912   w=635   h=335   stroke=13  fill=0.96  'Reminder'
   n3   action    x=140   y=951   w=791   h=203   stroke=7   fill=0.90  'Receive Reminder'
   n4   action    x=2498  y=951   w=785   h=245   stroke=7   fill=0.89  'Request Payment of\nAccount'
   n5   final     x=482   y=1773  w=113   h=112   stroke=7   fill=0.62  ''

TYPE  cap height 43px over 57 glyphs -> font 62.0px

EDGES
   n1   -> n4    straight    arrowhead   998 vs 315    ratio 4.0  high
   n2   -> n3    straight    arrowhead   922 vs 322    ratio 4.0  high
   n4   -> n2    straight    arrowhead   807 vs 322    ratio 2.5  high
   n3   -> n5    straight    arrowhead   995 vs 315    ratio 4.0  high

TEXT (titles, guards, notes)
   'Accounting Customer'                    x=465   y=66    
   'Accounting Supplier'                    x=2421  y=66    

PARTITIONS
   column 0  'Accounting Customer'
   column 1  'Accounting Supplier'
   band   0  ''

ARROWHEAD  83 x 66px, open, measured on 3 connector(s)

wrote review/baseline/UBL-2.0-ReminderForPaymentProcess-graph.json   (5 nodes, 4 edges, 1 flagged for a human)
