image 3425x1173

PARTITION RULES
   vertical  : [(0, 10), (1744, 7), (3415, 10)]
   horizontal: [(0, 10), (1163, 10)]
   -> 2 column(s) x 1 band(s)
   type measured off the page: a word is 50px tall
   (dropped x=10    y=10    1734x1153  is a partition cell)
   (dropped x=1751  y=10    1664x1153  is a partition cell)
   (kept    x=1394  y=466    641x334   own outline, iou 1.00 border 1.00, despite pass-through line-work)
   object nodes are those stroked heavier than 10.0px

NODES
   n1   initial   x=2895  y=167   w=120   h=120   stroke=0   fill=1.00  ''
   n2   object    x=1394  y=466   w=641   h=334   stroke=13  fill=0.97  'Statement'
   n3   action    x=65    y=523   w=797   h=202   stroke=7   fill=0.90  'Receive Statement'
   n4   action    x=2579  y=523   w=785   h=244   stroke=7   fill=0.91  'Generate Statement'
   n5   final     x=413   y=972   w=107   h=107   stroke=7   fill=0.64  ''

TYPE  cap height 43px over 51 glyphs -> font 61.4px

EDGES
   n1   -> n4    straight    arrowhead   996 vs 315    ratio 4.0  high
   n2   -> n3    straight    arrowhead   913 vs 322    ratio 4.0  high
   n4   -> n2    straight    arrowhead   797 vs 322    ratio 4.0  high
   n3   -> n5    straight    arrowhead   996 vs 315    ratio 4.0  high

TEXT (titles, guards, notes)
   'Accounting Customer'                    x=541   y=48    
   'Accounting Supplier'                    x=2361  y=48    

PARTITIONS
   column 0  'Accounting Customer'
   column 1  'Accounting Supplier'
   band   0  ''

ARROWHEAD  86 x 66px, open, measured on 4 connector(s)

wrote review/baseline/UBL-2.0-ReportStateofAccountsProcess-graph.json   (5 nodes, 4 edges, 1 flagged for a human)
