image 3425x2222

PARTITION RULES
   vertical  : [(0, 10), (1680, 1), (3415, 10)]
   horizontal: [(0, 10), (2212, 10)]
   -> 2 column(s) x 1 band(s)
   type measured off the page: a word is 32px tall
   (dropped x=10    y=10    3405x2202  encloses another region)
   object nodes are those stroked heavier than 5.0px

NODES
   n1   action    x=2433  y=288   w=593   h=187   stroke=3   fill=0.86  'Receive & Wait for\nException Notification'
   n2   action    x=361   y=301   w=593   h=196   stroke=3   fill=0.87  'Receive & Wait for\nException Notification'
   n3   object    x=1409  y=740   w=525   h=246   stroke=6   fill=0.93  'Exception Notification\n(positive)'
   n4   decision  x=2646  y=771   w=172   h=158   stroke=3   fill=0.50  ''
   n5   decision  x=570   y=780   w=158   h=162   stroke=3   fill=0.50  ''
   n6   action    x=785   y=1048  w=496   h=120   stroke=3   fill=0.87  'Send Exception'
   n7   action    x=2111  y=1079  w=478   h=116   stroke=3   fill=0.86  'Send Exception'
   n8   action    x=1863  y=1357  w=593   h=147   stroke=3   fill=0.86  'Receive & Resolve\nException'
   n9   action    x=975   y=1362  w=593   h=147   stroke=4   fill=0.86  'Receive & Resolve\n| Exception'
   n10  action    x=1313  y=1936  w=730   h=222   stroke=3   fill=0.96  'Ordering'

TYPE  cap height 32px over 213 glyphs -> font 45.7px
   corner radius rx on 'Send Exception' could not be read (it came back larger than the box) - taking the 65 the rest of its kind measures
   corner radius rx on 'Send Exception' could not be read (it came back larger than the box) - taking the 65 the rest of its kind measures
   dashed enclosure x=86 y=74 3256x1668  r=142  dash 12/9 over 418 marks
   rejoined 2 line break(s) of up to 82px, where a label sits on the line
   chained 4 dashes into one dashed flow
   chained 3 dashes into one dashed flow
   chained 4 dashes into one dashed flow
   chained 3 dashes into one dashed flow

EDGES
   n2   -> (off the diagram) at 645,286
   n1   -> (off the diagram) at 2726,273
   n1   -> n4    straight    arrowhead   485 vs 136    ratio 4.0  high
   n2   -> n5    straight    arrowhead   467 vs 180    ratio 4.0  high
   n7   -> n3    orthogonal  arrowhead   417 vs 138    ratio 4.0  high
   n4   -> n7    orthogonal  arrowhead   494 vs 138    ratio 4.0  high
   n6   -> n3    orthogonal  arrowhead   424 vs 184    ratio 2.3  medium
   n5   -> n6    orthogonal  arrowhead   480 vs 135    ratio 4.0  high
   n4   -> n10   orthogonal  arrowhead   492 vs 180    ratio 4.0  high
   n5   -> n10   orthogonal  arrowhead   459 vs 135    ratio 4.0  high
   n3   -> n9    diagonal    arrowhead   496 vs 174    ratio 4.0  high
   n3   -> n8    diagonal    arrowhead   511 vs 187    ratio 4.0  high
   n10  -> (off the diagram) at 665,2209
   n10  -> (off the diagram) at 2699,2209

TEXT (titles, guards, notes)
   (dropped x=80    y=91      72x77    'o\na\n¢\n¢\né\nT' - marks a quarter of the type's height: a dashed line, not words)
   (dropped x=3275  y=92      64x56    '~\nx\n~\n‘\n4' - marks a quarter of the type's height: a dashed line, not words)
   'Identifying and Resolving Exceptions for Order Forecast' x=1108  y=96    
   'Exception Received ?'                   x=2858  y=824   
   'Exception Received ?'                   x=115   y=837   
   'Yes'                                    x=802   y=965   n5->n6
   'Yes'                                    x=2308  y=996   n4->n7
   (dropped x=84    y=1663    82x67    '%\n\\\nN\n~\n~\n~' - marks a quarter of the type's height: a dashed line, not words)
   (dropped x=3270  y=1670    64x53    'f\n¢\n4\n7\n=' - marks a quarter of the type's height: a dashed line, not words)
   'No'                                     x=1509  y=1853  n5->n10
   'No'                                     x=1663  y=1853  n4->n10

PARTITIONS
   column 0  ''
   column 1  'Identifying and Resolving Exceptions for Order Forecast'
   band   0  ''

ARROWHEAD  64 x 48px, open, measured on 4 connector(s)
   reading settled: 'Receive & Resolve\n| Exception' -> 'Receive & Resolve\n1 Exception'
   reading settled: '| Exception' -> '1 Exception'

wrote review/baseline/UBL-2.2-CPFR-IdentifyResolve-graph.json   (10 nodes, 10 edges, 0 flagged for a human)
