image 3425x2020

PARTITION RULES
   vertical  : [(0, 10), (1755, 9), (3415, 10)]
   horizontal: [(0, 10), (2010, 10)]
   -> 2 column(s) x 1 band(s)
   type measured off the page: a word is 50px tall
   (dropped x=10    y=10    1745x2000  is a partition cell)
   (dropped x=1764  y=10    1651x2000  is a partition cell)
   (kept    x=1475  y=630    516x277   own outline, iou 1.00 border 1.00, despite pass-through line-work)
   (dropped x=1764  y=775   1065x563   outline matches no UML node shape (best ellipse 0.82, and 0.99 is the most this shape can reach at this size))
   (kept    x=1511  y=1200   516x277   own outline, iou 1.00 border 1.00, despite pass-through line-work)
   object nodes are those stroked heavier than 13.0px

NODES
   n1   initial   x=471   y=172   w=122   h=122   stroke=0   fill=1.00  ''
   n2   object    x=1475  y=630   w=516   h=277   stroke=17  fill=0.91  'Request for\nQuotation'
   n3   action    x=2484  y=632   w=692   h=321   stroke=9   fill=0.90  'Receive request for\nquotation'
   n4   action    x=145   y=650   w=795   h=243   stroke=9   fill=0.89  'Send request for Quotation'
   n5   object    x=1511  y=1200  w=516   h=277   stroke=17  fill=0.96  'Quotation'
   n6   action    x=169   y=1214  w=723   h=243   stroke=9   fill=0.91  'Receive quotation'
   n7   action    x=2514  y=1238  w=758   h=207   stroke=9   fill=0.90  'Send quotation'
   n8   final     x=475   y=1826  w=105   h=105   stroke=9   fill=0.61  ''

TYPE  cap height 44px over 130 glyphs -> font 62.9px

EDGES
   n1   -> n4    straight    arrowhead  1248 vs 405    ratio 4.0  high
   n4   -> n3    orthogonal  arrowhead  1241 vs 405    ratio 4.0  high
   n3   -> n7    straight    arrowhead  1273 vs 450    ratio 4.0  high
   n7   -> n6    orthogonal  arrowhead  1134 vs 414    ratio 4.0  high
   n6   -> n8    straight    arrowhead  1240 vs 405    ratio 4.0  high

TEXT (titles, guards, notes)
   'Originator Customer Party'              x=214   y=56    
   'seller Supplier Party'                  x=2452  y=56    

PARTITIONS
   column 0  'Originator Customer Party'
   column 1  'seller Supplier Party'
   band   0  ''

ARROWHEAD  83 x 69px, open, measured on 5 connector(s)
   split n4 -> n3 at 'Request for Quotation': the route goes round it on bottom, left, right, which is that box's own outline, not a connector
   split n7 -> n6 at 'Quotation': the route goes round it on bottom, left, right, which is that box's own outline, not a connector

wrote review/baseline/UBL-2.0-SourcingBuyerInitiatedProcess-graph.json   (8 nodes, 7 edges, 3 flagged for a human)
