image 3425x2056

PARTITION RULES
   vertical  : [(0, 10), (1648, 12), (3415, 10)]
   horizontal: [(0, 10), (2046, 10)]
   -> 2 column(s) x 1 band(s)
   type measured off the page: a word is 55px tall
   (dropped x=10    y=10    1638x2036  is a partition cell)
   (dropped x=1660  y=10    1755x2036  is a partition cell)
   object nodes are those stroked heavier than 7.0px

NODES
   n1   action    x=388   y=87    w=36    h=42    stroke=6   fill=0.82  ''
   n2   action    x=1099  y=87    w=37    h=42    stroke=6   fill=0.81  ''
   n3   object    x=2225  y=88    w=36    h=42    stroke=7   fill=0.82  ''
   n4   object    x=2336  y=88    w=36    h=42    stroke=7   fill=0.82  ''
   n5   object    x=2550  y=88    w=36    h=42    stroke=7   fill=0.83  ''
   n6   object    x=2854  y=88    w=36    h=42    stroke=7   fill=0.82  ''
   n7   initial   x=589   y=239   w=115   h=116   stroke=0   fill=0.77  ''
   n8   action    x=161   y=533   w=971   h=196   stroke=12  fill=0.88  'Prepare call for tenders'
   n9   object    x=1454  y=794   w=439   h=454   stroke=12  fill=0.92  'Call\nFor\nTenders'
   n10  action    x=93    y=912   w=1107  h=197   stroke=11  fill=0.89  'Submit Invitation to Tender'
   n11  action    x=2197  y=919   w=1134  h=196   stroke=12  fill=0.89  'Receive Invitation to Tender'
   n12  action    x=2266  y=1354  w=996   h=196   stroke=12  fill=0.88  'Process Call For Tenders'
   n13  final     x=2683  y=1785  w=162   h=161   stroke=12  fill=0.38  ''

TYPE  cap height 54px over 127 glyphs -> font 77.1px
   (dropped x=388   y=87      36x42    smaller than one character of 77px type - a letter counter, not a node)
   (dropped x=1099  y=87      37x42    smaller than one character of 77px type - a letter counter, not a node)
   (dropped x=2225  y=88      36x42    smaller than one character of 77px type - a letter counter, not a node)
   (dropped x=2336  y=88      36x42    smaller than one character of 77px type - a letter counter, not a node)
   (dropped x=2550  y=88      36x42    smaller than one character of 77px type - a letter counter, not a node)
   (dropped x=2854  y=88      36x42    smaller than one character of 77px type - a letter counter, not a node)
   corner radius rx on 'Submit Invitation to Tender' could not be read (it came back larger than the box) - taking the 95 the rest of its kind measures
   rejoined 3 line break(s) of up to 139px, where a label sits on the line

EDGES
   n7   -> n8    straight    arrowhead  1300 vs 495    ratio 4.0  high
   n8   -> n10   straight    arrowhead  1329 vs 495    ratio 4.0  high
   n10  -> n9    straight    arrowhead  1156 vs 540    ratio 2.1  medium
   n9   -> n11   straight    arrowhead  1310 vs 539    ratio 4.0  high
   n11  -> n12   straight    arrowhead  1299 vs 540    ratio 4.0  high
   n12  -> n13   straight    arrowhead  1306 vs 540    ratio 4.0  high

TEXT (titles, guards, notes)
   'CONTRACTING AUTHORITY'                  x=327   y=81    
   'ECONOMIC OPERATOR'                      x=2117  y=81    

PARTITIONS
   column 0  'CONTRACTING AUTHORITY'
   column 1  'ECONOMIC OPERATOR'
   band   0  ''

ARROWHEAD  66 x 68px, open, measured on 5 connector(s)

wrote review/baseline/UBL-2.2-Tender-Invitation-graph.json   (7 nodes, 6 edges, 6 flagged for a human)
