image 3425x1578

PARTITION RULES
   vertical  : [(0, 10), (1484, 22), (3415, 10)]
   horizontal: [(0, 10), (1568, 10)]
   -> 2 column(s) x 1 band(s)
   type measured off the page: a word is 58px tall
   (dropped x=10    y=10    1474x1558  encloses another region)
   (dropped x=1506  y=10    1909x1558  encloses another region)
   (kept    x=1247  y=953    579x240   own outline, iou 1.00 border 1.00, despite pass-through line-work)
   object nodes are those stroked heavier than 9.0px

NODES
   n1   action    x=665   y=76    w=31    h=44    stroke=5   fill=0.92  ''
   n2   action    x=1981  y=78    w=38    h=45    stroke=7   fill=0.83  ''
   n3   action    x=2746  y=78    w=39    h=45    stroke=7   fill=0.81  ''
   n4   initial   x=501   y=218   w=124   h=124   stroke=0   fill=0.79  ''
   n5   action    x=95    y=522   w=936   h=311   stroke=13  fill=0.87  'Get Guarantee from\nfinancial institution'
   n6   object    x=1247  y=953   w=579   h=240   stroke=13  fill=0.86  'Guarantee\nCertificate'
   n7   action    x=147   y=963   w=832   h=211   stroke=13  fill=0.88  'Submit Certificate'
   n8   action    x=2042  y=968   w=1288  h=211   stroke=14  fill=0.89  'Receive guarantee certificate'
   n9   final     x=2597  y=1308  w=174   h=174   stroke=13  fill=0.37  ''

TYPE  cap height 57px over 124 glyphs -> font 81.4px
   (dropped x=665   y=76      31x44    smaller than one character of 81px type - a letter counter, not a node)
   (dropped x=1981  y=78      38x45    smaller than one character of 81px type - a letter counter, not a node)
   (dropped x=2746  y=78      39x45    smaller than one character of 81px type - a letter counter, not a node)
   rejoined 2 line break(s) of up to 147px, where a label sits on the line

EDGES
   n4   -> n5    straight    arrowhead  1388 vs 630    ratio 4.0  high
   n5   -> n7    straight    arrowhead  1409 vs 983    ratio 4.0  high
   n7   -> n6    straight    arrowhead  1148 vs 607    ratio 1.9  medium
   n6   -> n8    straight    arrowhead  1399 vs 630    ratio 4.0  high
   n8   -> n9    straight    arrowhead  1395 vs 979    ratio 4.0  high

TEXT (titles, guards, notes)
   'TENDERER'                               x=493   y=70    
   'CONTRACTING AUTHORITY'                  x=1915  y=71    

PARTITIONS
   column 0  'TENDERER'
   column 1  'CONTRACTING AUTHORITY'
   band   0  ''

ARROWHEAD  70 x 74px, open, measured on 4 connector(s)

wrote review/baseline/UBL-2.2-Tender-GuaranteeDeposit-graph.json   (6 nodes, 5 edges, 4 flagged for a human)
