  verdict: NEEDS-HUMAN
  structural: 0 element(s) absent, 0 invented, 0 text absent, 0 text differs, 0 incoherent
  line-work  missing 3856 px (1.889%)   invented 3844 px (1.883%)   radius 3
    line-work-missing      444 px at  1827,1368   103x115   near edge n6 -> n10
    line-work-missing      298 px at  1520,1368    60x97    near edge n6 -> n9
    line-work-missing      167 px at  1968,1214    52x18    near edge n8 -> n6
    line-work-missing      156 px at  1968,1242    52x19    near edge n8 -> n6
    line-work-missing      106 px at  2096,1698    30x18    near edge n6 -> n10
    line-work-missing       74 px at   988,1284    16x40    near edge n5 -> n7
    line-work-invented     413 px at  1832,1358   100x116   near edge n6 -> n10
    line-work-invented     348 px at  1945,1212    57x50    near edge n8 -> n6
    line-work-invented     267 px at  1521,1358    56x91    near edge n6 -> n9
    line-work-invented      91 px at  2094,1705    30x16    near edge n6 -> n10
    line-work-invented      72 px at  1364,1702    31x23    near edge n6 -> n9
  needs a person (5):
    no-weight-split     confirm the diagram really has no object nodes
    edge-direction      confirm which way this edge points
    arrowhead-unmeasurable at 946,1278  confirm the arrowhead here is drawn and points the way the original does
    arrowhead-unmeasurable at 1576,2016  confirm the arrowhead here is drawn and points the way the original does
    arrowhead-unmeasurable at 1375,1248  confirm the arrowhead here is drawn and points the way the original does
review/baseline/UBL-2.2-CPFR-ExceptionMonitor-marked.png + review/baseline/UBL-2.2-CPFR-ExceptionMonitor-marked-lost.png  (5 finding(s) numbered)
