image 3425x1438

PARTITION RULES
   vertical  : [(0, 10), (1609, 14), (3415, 10)]
   horizontal: [(0, 10), (1428, 10)]
   -> 2 column(s) x 1 band(s)
   type measured off the page: a word is 54px tall
   (dropped x=10    y=10    1599x1418  is a partition cell)
   (dropped x=1623  y=10    1792x1418  is a partition cell)
   (kept    x=1316  y=978    572x194   own outline, iou 1.00 border 1.00, despite pass-through line-work)
   object nodes are those stroked heavier than 7.5px

NODES
   n1   action    x=2072  y=85    w=36    h=42    stroke=6   fill=0.82  ''
   n2   action    x=2785  y=85    w=36    h=42    stroke=6   fill=0.81  ''
   n3   initial   x=2676  y=192   w=116   h=116   stroke=0   fill=0.78  ''
   n4   action    x=2137  y=468   w=1194  h=197   stroke=13  fill=0.88  'Prepare awarding notification'
   n5   object    x=1317  y=693   w=573   h=194   stroke=12  fill=0.82  'Unawarded\nNotification'
   n6   action    x=2186  y=831   w=1096  h=196   stroke=13  fill=0.88  'send awarding notification'
   n7   action    x=94    y=833   w=835   h=196   stroke=12  fill=0.87  'Receive notification'
   n8   object    x=1316  y=978   w=572   h=194   stroke=12  fill=0.83  'Awarded\nNotification'
   n9   final     x=434   y=1199  w=162   h=162   stroke=12  fill=0.37  ''

TYPE  cap height 53px over 140 glyphs -> font 75.7px
   (dropped x=2072  y=85      36x42    smaller than one character of 76px type - a letter counter, not a node)
   (dropped x=2785  y=85      36x42    smaller than one character of 76px type - a letter counter, not a node)
   rejoined 2 line break(s) of up to 136px, where a label sits on the line

EDGES
   n3   -> n4    straight    arrowhead  1346 vs 540    ratio 4.0  high
   n4   -> n6    straight    arrowhead  1321 vs 540    ratio 4.0  high
   n6   -> n7    straight    arrowhead  1328 vs 552    ratio 4.0  high
   n7   -> n9    straight    arrowhead  1154 vs 549    ratio 2.1  medium

TEXT (titles, guards, notes)
   'TENDERER'                               x=548   y=78    
   'CONTRACTING AUTHORITY'                  x=2011  y=79    

PARTITIONS
   column 0  'TENDERER'
   column 1  'CONTRACTING AUTHORITY'
   band   0  ''

ARROWHEAD  65 x 68px, open, measured on 3 connector(s)

wrote review/baseline/UBL-2.2-Tender-AwardNotification-graph.json   (7 nodes, 4 edges, 3 flagged for a human)
