image 3424x1802

PARTITION RULES
   vertical  : [(0, 8), (1701, 8), (3410, 14)]
   horizontal: [(0, 8), (1794, 8)]
   -> 3 column(s) x 1 band(s)
   type measured off the page: a word is 68px tall
   (dropped x=8     y=8     1693x1786  is a partition cell)
   (dropped x=1709  y=8     1701x1786  is a partition cell)
   (dropped x=1709  y=785   1071x534   outline matches no UML node shape (best ellipse 0.73, and 0.99 is the most this shape can reach at this size))
   one line weight only - no object nodes
   (dropped x=2323  y=689    920x9     only 9px across against a 9px line - a stroke, not a fork bar)
   (dropped x=188   y=1209   850x8     only 8px across against a 9px line - a stroke, not a fork bar)

NODES
   n1   initial   x=548   y=157   w=124   h=124   stroke=0   fill=1.00  ''
   n2   action    x=111   y=394   w=1001  h=167   stroke=8   fill=0.91  'Prepare enquiry'
   n3   object    x=1453  y=610   w=516   h=348   stroke=8   fill=0.96  'Enquiry'
   n4   action    x=105   y=698   w=1013  h=172   stroke=9   fill=0.93  'Submit enquiry'
   n5   action    x=2263  y=698   w=1036  h=178   stroke=9   fill=0.92  'Receive enquiry'
   n6   object    x=1453  y=1118  w=516   h=411   stroke=9   fill=0.92  'Enquiry\nResponse'
   n7   action    x=134   y=1217  w=954   h=181   stroke=8   fill=0.90  'Receive enquiry response'
   n8   action    x=2263  y=1223  w=1036  h=189   stroke=9   fill=0.91  'Submit enquiry response'
   n9   final     x=557   y=1596  w=108   h=108   stroke=9   fill=0.59  ''

TYPE  cap height 49px over 127 glyphs -> font 70.0px

EDGES
   n1   -> n2    straight    arrowhead  1119 vs 974    ratio 1.0  <-- CHECK DIRECTION
   n2   -> n4    straight    arrowhead  1113 vs 559    ratio 4.0  high
   n4   -> n3    straight    arrowhead  1117 vs 360    ratio 4.0  high
   n3   -> n5    straight    arrowhead  1123 vs 360    ratio 4.0  high
   n5   -> n8    straight    arrowhead  1113 vs 360    ratio 4.0  high
   n6   -> n7    straight    arrowhead  1041 vs 414    ratio 4.0  high
   n8   -> n6    straight    arrowhead  1119 vs 414    ratio 4.0  high
   n7   -> n9    straight    arrowhead  1116 vs 360    ratio 4.0  high

TEXT (titles, guards, notes)
   'RESPONDER'                              x=2385  y=40    
   'REQUESTER'                              x=608   y=48    

PARTITIONS
   column 0  'REQUESTER'
   column 1  'RESPONDER'
   column 2  ''
   band   0  ''

ARROWHEAD  80 x 66px, open, measured on 8 connector(s)

wrote review/baseline/UBL-2.2-Enquiry-graph.json   (9 nodes, 8 edges, 3 flagged for a human)
