image 3425x1323

PARTITION RULES
   vertical  : [(0, 10), (1665, 5), (3415, 10)]
   horizontal: [(0, 10), (1313, 10)]
   -> 2 column(s) x 1 band(s)
   type measured off the page: a word is 47px tall
   (dropped x=10    y=10    1660x1303  is a partition cell)
   (dropped x=1670  y=10    1745x1303  is a partition cell)
   object nodes are those stroked heavier than 7.5px

NODES
   n1   initial   x=495   y=179   w=98    h=99    stroke=0   fill=0.76  ''
   n2   object    x=1285  y=664   w=777   h=162   stroke=10  fill=0.88  'Stock Availability Report'
   n3   action    x=2364  y=666   w=974   h=187   stroke=5   fill=0.88  'Receive stock availability\nreport'
   n4   action    x=87    y=671   w=929   h=152   stroke=5   fill=0.86  'Send stock availability report'
   n5   final     x=2807  y=1168  w=88    h=88    stroke=6   fill=0.62  ''

TYPE  cap height 46px over 91 glyphs -> font 65.7px

EDGES
   n1   -> n4    straight    arrowhead   759 vs 225    ratio 4.0  high
   n4   -> n2    straight    arrowhead   716 vs 225    ratio 4.0  high
   n2   -> n3    straight    arrowhead   759 vs 225    ratio 4.0  high
   n2   -> (off the diagram) at 1672,1310
   n3   -> n5    straight    arrowhead   756 vs 225    ratio 4.0  high

TEXT (titles, guards, notes)
   'Retailer'                               x=2440  y=46    
   'Producer'                               x=697   y=49    

PARTITIONS
   column 0  'Producer'
   column 1  'Retailer'
   band   0  ''

ARROWHEAD  67 x 55px, open, measured on 4 connector(s)

wrote review/baseline/UBL-2.2-ROCD-ArticleAvailability-graph.json   (5 nodes, 4 edges, 0 flagged for a human)
