image 3425x2013

PARTITION RULES
   vertical  : [(0, 10), (1712, 8), (3415, 10)]
   horizontal: [(0, 10), (2003, 10)]
   -> 2 column(s) x 1 band(s)
   type measured off the page: a word is 65px tall
   (dropped x=10    y=10    1702x1993  is a partition cell)
   (dropped x=1720  y=10    1695x1993  is a partition cell)
   (kept    x=1369  y=564    694x381   own outline, iou 1.00 border 1.00, despite pass-through line-work)
   (kept    x=1369  y=1172   694x381   own outline, iou 1.00 border 1.00, despite pass-through line-work)
   object nodes are those stroked heavier than 12.0px
   (dropped x=2456  y=566    803x8     only 8px across against a 8px line - a stroke, not a fork bar)
   (dropped x=1031  y=646      9x221   only 9px across against a 8px line - a stroke, not a fork bar)
   (dropped x=159   y=935    804x8     only 8px across against a 8px line - a stroke, not a fork bar)
   (dropped x=163   y=1174   804x8     only 8px across against a 8px line - a stroke, not a fork bar)
   (dropped x=3335  y=1255     8x205   only 8px across against a 8px line - a stroke, not a fork bar)
   (dropped x=2464  y=1529   797x8     only 8px across against a 8px line - a stroke, not a fork bar)

NODES
   n1   initial   x=486   y=215   w=141   h=141   stroke=0   fill=1.00  ''
   n2   object    x=1369  y=564   w=694   h=381   stroke=16  fill=0.89  'Transport Service\nDescription\nRequest'
   n3   action    x=2386  y=574   w=942   h=361   stroke=8   fill=0.87  'Receive Transport\nService Description\nRequest'
   n4   action    x=90    y=581   w=941   h=354   stroke=8   fill=0.88  'Request Transport\nService Description'
   n5   object    x=1369  y=1172  w=694   h=381   stroke=16  fill=0.92  'Transport Service\nDescription'
   n6   action    x=97    y=1182  w=942   h=347   stroke=8   fill=0.88  'Receive Transport\nService Description'
   n7   action    x=2394  y=1182  w=941   h=347   stroke=8   fill=0.89  'Send Transport Service\nDescription'
   n8   final     x=465   y=1785  w=127   h=126   stroke=8   fill=0.64  ''

TYPE  cap height 52px over 229 glyphs -> font 74.3px

EDGES
   n1   -> n4    straight    arrowhead  1168 vs 405    ratio 4.0  high
   n2   -> (off the diagram) at 1358,549
   n2   -> (off the diagram) at 2077,552
   n4   -> n2    straight    arrowhead  1102 vs 405    ratio 4.0  high
   n2   -> n3    straight    arrowhead  1141 vs 437    ratio 4.0  high
   n3   -> n7    straight    arrowhead  1168 vs 405    ratio 4.0  high
   n2   -> (off the diagram) at 1358,959
   n5   -> (off the diagram) at 1358,1157
   n5   -> (off the diagram) at 2077,1160
   n5   -> n6    straight    arrowhead  1040 vs 495    ratio 4.0  high
   n7   -> n5    straight    arrowhead   985 vs 414    ratio 4.0  high
   n6   -> n8    straight    arrowhead  1132 vs 360    ratio 4.0  high
   n5   -> (off the diagram) at 1358,1567

TEXT (titles, guards, notes)
   'Transport Service Provider'             x=2149  y=74    
   'Transport User'                         x=606   y=76    

PARTITIONS
   column 0  'Transport User'
   column 1  'Transport Service Provider'
   band   0  ''

ARROWHEAD  98 x 79px, open, measured on 7 connector(s)
   (dropped the open end at 1358,548 717x2 - the outer edge of n2's own border)
   (dropped the open end at 2077,552 1x405 - the outer edge of n2's own border)
   (dropped the open end at 1358,959 717x2 - the outer edge of n2's own border)
   (dropped the open end at 1358,1156 717x2 - the outer edge of n5's own border)
   (dropped the open end at 2077,1160 1x405 - the outer edge of n5's own border)
   (dropped the open end at 1358,1567 717x2 - the outer edge of n5's own border)

wrote review/baseline/UBL-2.2-IMFM-TransportServiceDescription-graph.json   (8 nodes, 7 edges, 2 flagged for a human)
