image 3426x1808

PARTITION RULES
   vertical  : [(1, 8), (1702, 8), (3411, 14)]
   horizontal: [(1, 8), (1794, 8)]
   -> 3 column(s) x 2 band(s)
   type measured off the page: a word is 54px tall
   (dropped x=9     y=9     1693x1785  is a partition cell)
   (dropped x=1710  y=9     1701x1785  is a partition cell)
   (dropped x=1710  y=786   1071x534   outline matches no UML node shape (best ellipse 0.72, and 0.99 is the most this shape can reach at this size))
   object nodes are those stroked heavier than 5.0px
   (dropped x=2320  y=1436   921x9     only 9px across against a 8px line - a stroke, not a fork bar)

NODES
   n1   initial   x=552   y=158   w=124   h=124   stroke=0   fill=1.00  ''
   n2   action    x=112   y=395   w=1001  h=167   stroke=8   fill=0.88  'Prepare unsubscribe from procedure'
   n3   object    x=1458  y=567   w=516   h=411   stroke=9   fill=0.85  'Unsubscribe\nFrom\nProcedure\nRequest'
   n4   action    x=106   y=698   w=1012  h=173   stroke=8   fill=0.89  'Submit unsubscribe from procedure'
   n5   action    x=2264  y=698   w=1036  h=179   stroke=8   fill=0.89  'Receive unsubscribe from procedure'
   n6   object    x=1453  y=1118  w=517   h=412   stroke=8   fill=0.84  'Unsubscribe\nFrom\nProcedure\nResponse'
   n7   action    x=135   y=1217  w=954   h=225   stroke=8   fill=0.88  'Receive unsubscribe from procedur\n| confirmation'
   n8   action    x=2264  y=1223  w=1036  h=213   stroke=8   fill=0.89  'Submit unsubscribe from procedure\nconfirmation'
   n9   final     x=561   y=1596  w=108   h=109   stroke=8   fill=0.58  ''

TYPE  cap height 43px over 262 glyphs -> font 61.4px
   rejoined 7 line break(s) of up to 111px, where a label sits on the line

EDGES
   n1   -> n2    straight    arrowhead  1117 vs 976    ratio 4.0  high
   n2   -> n4    straight    arrowhead  1118 vs 565    ratio 4.0  high
   n4   -> n3    straight    arrowhead  1092 vs 405    ratio 4.0  high
   n3   -> n5    straight    arrowhead  1155 vs 405    ratio 4.0  high
   n5   -> n8    straight    arrowhead  1115 vs 360    ratio 4.0  high
   n6   -> n7    straight    arrowhead  1016 vs 368    ratio 4.0  high
   n8   -> n6    straight    arrowhead  1089 vs 368    ratio 4.0  high
   n7   -> n9    straight    arrowhead  1118 vs 360    ratio 4.0  high

TEXT (titles, guards, notes)
   'ECONOMIC OPERATOR'                      x=460   y=45    
   'CONTRACTING AUTHORITY'                  x=2114  y=45    

PARTITIONS
   column 0  'ECONOMIC OPERATOR'
   column 1  'CONTRACTING AUTHORITY'
   column 2  ''
   band   0  ''
   band   1  ''

ARROWHEAD  80 x 67px, open, measured on 8 connector(s)
   reading settled: 'Receive unsubscribe from procedur\n| conf' -> 'Receive unsubscribe from procedur\n1 conf'
   reading settled: '| confirmation' -> '1 confirmation'

wrote review/baseline/UBL-2.2-Tender-UnsubscribeFromProcedure-graph.json   (9 nodes, 8 edges, 1 flagged for a human)
