image 3223x2668

PARTITION RULES
   vertical  : [(6, 8), (1601, 8), (3209, 8)]
   horizontal: [(6, 8), (2654, 8)]
   -> 3 column(s) x 2 band(s)
   type measured off the page: a word is 52px tall
   (dropped x=14    y=14    3195x2640  encloses another region)
   (dropped x=586   y=1713  1015x567   outline matches no UML node shape (best ellipse 0.59, and 0.99 is the most this shape can reach at this size))
   object nodes are those stroked heavier than 5.5px
   (dropped x=2585  y=1152     8x166   only 8px across against a 8px line - a stroke, not a fork bar)

NODES
   n1   object    x=2410  y=82    w=36    h=47    stroke=6   fill=0.82  ''
   n2   action    x=2532  y=83    w=33    h=45    stroke=4   fill=0.86  ''
   n3   action    x=2076  y=222   w=1036  h=168   stroke=7   fill=0.87  'Prior exchange of public keys'
   n4   action    x=105   y=226   w=1019  h=175   stroke=8   fill=0.87  'Prior exchange of public keys'
   n5   initial   x=523   y=471   w=116   h=116   stroke=0   fill=1.00  ''
   n6   action    x=110   y=693   w=1028  h=156   stroke=8   fill=0.88  'Prepare tender contract'
   n7   object    x=1368  y=901   w=485   h=326   stroke=8   fill=0.93  'Tender\nContract'
   n8   action    x=2076  y=975   w=1036  h=167   stroke=8   fill=0.89  'Receive tender contract'
   n9   action    x=105   y=978   w=1019  h=175   stroke=7   fill=0.90  'Submit tender contract'
   n10  action    x=2076  y=1335  w=1028  h=156   stroke=8   fill=0.86  'Add W3C Digital Signature'
   n11  object    x=1368  y=1554  w=485   h=325   stroke=8   fill=0.93  'Tender\nContract'
   n12  action    x=2076  y=1628  w=1036  h=167   stroke=8   fill=0.90  'Return tender contract'
   n13  action    x=105   y=1631  w=1019  h=175   stroke=7   fill=0.89  'Receive tender contract'
   n14  action    x=110   y=1922  w=1028  h=156   stroke=8   fill=0.86  'Add W3C Digital Signature'
   n15  object    x=1368  y=2130  w=485   h=325   stroke=8   fill=0.93  'Tender\nContract'
   n16  action    x=2076  y=2204  w=1036  h=167   stroke=8   fill=0.89  'Receive tender contract'
   n17  action    x=105   y=2207  w=1019  h=175   stroke=8   fill=0.90  'Return tender contract'
   n18  final     x=2538  y=2514  w=102   h=101   stroke=8   fill=0.58  ''

TYPE  cap height 51px over 338 glyphs -> font 72.9px
   (dropped x=2410  y=82      36x47    smaller than one character of 73px type - a letter counter, not a node)
   (dropped x=2532  y=83      33x45    smaller than one character of 73px type - a letter counter, not a node)
   corner radius rx on 'Prior exchange of public key' could not be read (it came back larger than the box) - taking the 84 the rest of its kind measures
   corner radius rx on 'Prepare tender contract' could not be read (it came back larger than the box) - taking the 84 the rest of its kind measures
   corner radius rx on 'Submit tender contract' could not be read (it came back larger than the box) - taking the 84 the rest of its kind measures
   corner radius rx on 'Add W3C Digital Signature' could not be read (it came back larger than the box) - taking the 84 the rest of its kind measures
   corner radius rx on 'Add W3C Digital Signature' could not be read (it came back larger than the box) - taking the 84 the rest of its kind measures
   rejoined 10 line break(s) of up to 131px, where a label sits on the line
   chained 6 dashes into one dashed flow

EDGES
   n3   -> n4    straight    arrowhead  1091 vs 1083   ratio 4.0  high
   n5   -> n6    straight    arrowhead  1077 vs 969    ratio 4.0  high
   n6   -> n9    straight    arrowhead  1070 vs 589    ratio 1.0  <-- CHECK DIRECTION
   n9   -> n7    straight    arrowhead  1046 vs 315    ratio 4.0  high
   n7   -> n8    straight    arrowhead  1037 vs 315    ratio 4.0  high
   n8   -> n10   straight    arrowhead   875 vs 360    ratio 4.0  high
   n10  -> n12   straight    arrowhead   973 vs 591    ratio 4.0  high
   n11  -> n13   straight    arrowhead  1220 vs 414    ratio 4.0  high
   n12  -> n11   straight    arrowhead  1037 vs 322    ratio 4.0  high
   n13  -> n14   straight    arrowhead  1074 vs 800    ratio 1.0  <-- CHECK DIRECTION
   n14  -> n17   straight    arrowhead  1064 vs 595    ratio 1.0  <-- CHECK DIRECTION
   n17  -> n15   straight    arrowhead  1078 vs 360    ratio 4.0  high
   n15  -> n16   straight    arrowhead  1064 vs 360    ratio 1.0  <-- CHECK DIRECTION
   n16  -> n18   straight    arrowhead   910 vs 551    ratio 1.0  <-- CHECK DIRECTION

TEXT (titles, guards, notes)
   'INITIATING PARTY'                       x=279   y=71    
   'RESPONDING PARTY'                       x=2204  y=76    

PARTITIONS
   column 0  'INITIATING PARTY'
   column 1  'RESPONDING PARTY'
   column 2  ''
   band   0  ''
   band   1  ''

ARROWHEAD  74 x 66px, open, measured on 13 connector(s)

wrote review/baseline/UBL-2.3-Tender-Contract-Post-graph.json   (16 nodes, 14 edges, 4 flagged for a human)
