image 3425x1258

PARTITION RULES
   vertical  : [(0, 10), (1504, 7), (3415, 10)]
   horizontal: [(0, 10), (1248, 10)]
   -> 2 column(s) x 1 band(s)
   type measured off the page: a word is 44px tall
   (dropped x=10    y=10    1494x1238  is a partition cell)
   (dropped x=1511  y=10    1904x1238  is a partition cell)
   object nodes are those stroked heavier than 9.5px

NODES
   n1   initial   x=2441  y=184   w=117   h=117   stroke=0   fill=0.77  ''
   n2   object    x=1201  y=575   w=607   h=242   stroke=12  fill=0.93  'Goods Item\nItinerary'
   n3   action    x=2136  y=578   w=768   h=225   stroke=6   fill=0.89  'Send Goods Item Itinerary'
   n4   action    x=88    y=584   w=768   h=219   stroke=7   fill=0.88  'Receive Goods Item\nItinerary'
   n5   initial   x=3205  y=653   w=117   h=116   stroke=0   fill=0.78  ''
   n6   final     x=377   y=1082  w=103   h=103   stroke=6   fill=0.64  ''

TYPE  cap height 43px over 74 glyphs -> font 61.4px
   chained 3 dashes into one dashed flow

EDGES
   n1   -> n3    straight    arrowhead   968 vs 315    ratio 4.0  high
   n3   -> n2    straight    arrowhead   772 vs 322    ratio 2.4  medium
   n2   -> n4    straight    arrowhead   884 vs 322    ratio 4.0  high
   n5   -> n3    straight    arrowhead   892 vs 277    ratio 4.0  high
   n4   -> n6    straight    arrowhead   955 vs 315    ratio 4.0  high

TEXT (titles, guards, notes)
   'Transport Service Provider'             x=2092  y=57    
   'Transport User'                         x=550   y=58    
   'Transport Execution\nPlan Confirmed'    x=2554  y=360   
   'Transport\nExecution\nUpdates'          x=3095  y=811   

PARTITIONS
   column 0  'Transport User'
   column 1  'Transport Service Provider'
   band   0  ''

ARROWHEAD  82 x 66px, open, measured on 4 connector(s)

wrote review/baseline/UBL-2.2-IMFM-GoodsItemItinerary-graph.json   (6 nodes, 5 edges, 1 flagged for a human)
