image 3425x1206

PARTITION RULES
   vertical  : [(0, 10), (1707, 5), (3415, 10)]
   horizontal: [(0, 10), (1196, 10)]
   -> 2 column(s) x 1 band(s)
   type measured off the page: a word is 48px tall
   (dropped x=10    y=10    3405x1186  encloses another region)
   object nodes are those stroked heavier than 8.0px

NODES
   n1   initial   x=2764  y=176   w=101   h=101   stroke=0   fill=0.76  ''
   n2   object    x=1413  y=572   w=599   h=165   stroke=11  fill=0.89  'Inventory Report'
   n3   action    x=87    y=579   w=1001  h=156   stroke=5   fill=0.87  'Synchronize stock information'
   n4   action    x=2291  y=584   w=1047  h=156   stroke=5   fill=0.87  'Send information about stock'
   n5   final     x=545   y=1062  w=90    h=90    stroke=6   fill=0.62  ''

TYPE  cap height 48px over 70 glyphs -> font 68.6px

EDGES
   n1   -> n4    straight    arrowhead   809 vs 270    ratio 4.0  high
   n2   -> n3    straight    arrowhead   762 vs 276    ratio 4.0  high
   n4   -> n2    straight    arrowhead   694 vs 276    ratio 4.0  high
   n3   -> n5    straight    arrowhead   773 vs 225    ratio 4.0  high
   n2   -> (off the diagram) at 1717,1193

TEXT (titles, guards, notes)
   'Producer'                               x=701   y=47    
   'Retailer'                               x=2440  y=47    

PARTITIONS
   column 0  'Producer'
   column 1  'Retailer'
   band   0  ''

ARROWHEAD  72 x 56px, open, measured on 4 connector(s)

wrote review/baseline/UBL-2.2-CRP-Synchronizing-graph.json   (5 nodes, 4 edges, 0 flagged for a human)
