image 3425x2135

PARTITION RULES
   vertical  : [(0, 10), (1791, 12), (3415, 10)]
   horizontal: [(0, 10), (2125, 10)]
   -> 2 column(s) x 1 band(s)
   type measured off the page: a word is 55px tall
   (dropped x=10    y=10    1781x2115  is a partition cell)
   (dropped x=1803  y=10    1612x2115  is a partition cell)
   (dropped x=1803  y=988    970x517   outline matches no UML node shape (best ellipse 0.74, and 0.99 is the most this shape can reach at this size))
   object nodes are those stroked heavier than 7.5px
   (dropped x=639   y=340     12x138   only 12px across against a 12px line - a stroke, not a fork bar)

NODES
   n1   action    x=2178  y=83    w=36    h=43    stroke=6   fill=0.81  ''
   n2   action    x=2896  y=83    w=37    h=43    stroke=6   fill=0.79  ''
   n3   initial   x=586   y=218   w=117   h=117   stroke=0   fill=0.76  ''
   n4   action    x=93    y=491   w=1104  h=198   stroke=12  fill=0.88  'Prepare tender documents'
   n5   object    x=1592  y=792   w=377   h=390   stroke=12  fill=0.97  'Tender'
   n6   action    x=2222  y=885   w=1109  h=199   stroke=12  fill=0.88  'Receive tender documents'
   n7   action    x=105   y=899   w=1080  h=198   stroke=12  fill=0.88  'Submit tender documents'
   n8   object    x=1596  y=1329  w=348   h=360   stroke=12  fill=0.92  'Tender\nReceipt'
   n9   action    x=2445  y=1357  w=664   h=292   stroke=12  fill=0.87  'Submit tender\nreceipt'
   n10  action    x=304   y=1406  w=682   h=198   stroke=12  fill=0.86  'Receive receipt'
   n11  final     x=563   y=1887  w=164   h=163   stroke=12  fill=0.38  ''

TYPE  cap height 54px over 144 glyphs -> font 77.1px
   (dropped x=2178  y=83      36x43    smaller than one character of 77px type - a letter counter, not a node)
   (dropped x=2896  y=83      37x43    smaller than one character of 77px type - a letter counter, not a node)
   rejoined 2 line break(s) of up to 139px, where a label sits on the line

EDGES
   n3   -> n4    straight    arrowhead  1321 vs 540    ratio 4.0  high
   n4   -> n7    straight    arrowhead  1318 vs 540    ratio 4.0  high
   n5   -> n6    straight    arrowhead  1330 vs 541    ratio 4.0  high
   n7   -> n5    diagonal    arrowhead  1170 vs 541    ratio 4.0  high
   n6   -> n9    straight    arrowhead  1314 vs 540    ratio 4.0  high
   n8   -> n10   straight    arrowhead  1290 vs 553    ratio 4.0  high
   n9   -> n8    straight    arrowhead  1301 vs 553    ratio 4.0  high
   n10  -> n11   straight    arrowhead  1110 vs 540    ratio 2.1  medium

TEXT (titles, guards, notes)
   'TENDERER'                               x=704   y=75    
   'CONTRACTING AUTHORITY'                  x=2117  y=77    

PARTITIONS
   column 0  'TENDERER'
   column 1  'CONTRACTING AUTHORITY'
   band   0  ''

ARROWHEAD  66 x 69px, open, measured on 7 connector(s)

wrote review/baseline/UBL-2.2-Tender-SubmissionOfTenders-graph.json   (9 nodes, 8 edges, 3 flagged for a human)
